// Jest Snapshot v1, https://goo.gl/fbAQLP

exports[`invalid-package-bin-path: output 1`] = `
[STARTED] Resolving build manifests
[DATA] Checking 'action.yml'
[DATA] Checking 'package.json'
[FAILED] Invalid 'package.json': '.bin.': expected to be in the 'dist' directory, received 'bin'
`;
