// Jest Snapshot v1, https://goo.gl/fbAQLP

exports[`types: dist 1`] = `
[
  "index.cjs",
  "index.d.ts",
]
`;

exports[`types: dist/index.cjs 1`] = `
var __defProp = Object.defineProperty;
var __getOwnPropDesc = Object.getOwnPropertyDescriptor;
var __getOwnPropNames = Object.getOwnPropertyNames;
var __hasOwnProp = Object.prototype.hasOwnProperty;
var __name = (target, value) => __defProp(target, "name", { value, configurable: true });
var __export = (target, all) => {
  for (var name in all)
    __defProp(target, name, { get: all[name], enumerable: true });
};
var __copyProps = (to, from, except, desc) => {
  if (from && typeof from === "object" || typeof from === "function") {
    for (let key of __getOwnPropNames(from))
      if (!__hasOwnProp.call(to, key) && key !== except)
        __defProp(to, key, { get: () => from[key], enumerable: !(desc = __getOwnPropDesc(from, key)) || desc.enumerable });
  }
  return to;
};
var __toCommonJS = (mod) => __copyProps(__defProp({}, "__esModule", { value: true }), mod);

// src/index.ts
var src_exports = {};
__export(src_exports, {
  hello: () => hello
});
module.exports = __toCommonJS(src_exports);

// src/hello.ts
function hello(name) {
  return \`Hello, \${name}\`;
}
__name(hello, "hello");
// Annotate the CommonJS export names for ESM import in node:
0 && (module.exports = {
  hello
});

`;

exports[`types: dist/index.d.ts 1`] = `
declare function hello(name: string): string;

export { hello };

`;

exports[`types: logs 1`] = `
[STARTED] Resolving build manifests
[DATA] Checking 'action.yml'
[DATA] Checking 'package.json'
[SUCCESS] Resolving build manifests
[STARTED] Run preparations
[DATA] Removing 'dist' directory
[SUCCESS] Run preparations
[STARTED] Making bundle from 'package.json'
[STARTED] Parsing 'package.json'
[SUCCESS] Parsing 'package.json'
[STARTED] Making '.main' entry bundle
[DATA] Setting entry point: ./src/index.ts
[DATA] Setting output file: ./dist/index.cjs
[SUCCESS] Making '.main' entry bundle
[STARTED] Making '.types' entry bundle
[DATA] Generating 'd.ts' files
[DATA] Bundle into single 'd.ts' file
[SUCCESS] Making '.types' entry bundle
[SUCCESS] Making bundle from 'package.json'
`;
