// Jest Snapshot v1, https://goo.gl/fbAQLP

exports[`invalid-action 1`] = `
[HH:MM:SS] Resolving build manifests [started]
[HH:MM:SS] → Checking 'package.json'
[HH:MM:SS] → Checking 'action.yml'
[HH:MM:SS] Resolving build manifests [failed]
[HH:MM:SS] → Invalid 'action.yml':
  .runs.using: Invalid enum value. Expected 'node12' | 'node14' | 'node16', received 'node'
  .runs.main: Expected to be in the 'dist' directory, received 'main.js'
`;
