// Jest Snapshot v1, https://goo.gl/fbAQLP

exports[`basic 1`] = `
var __create = Object.create;
var __defProp = Object.defineProperty;
var __getProtoOf = Object.getPrototypeOf;
var __hasOwnProp = Object.prototype.hasOwnProperty;
var __getOwnPropNames = Object.getOwnPropertyNames;
var __getOwnPropDesc = Object.getOwnPropertyDescriptor;
var __markAsModule = (target) => __defProp(target, "__esModule", {value: true});
var __name = (target, value) => __defProp(target, "name", {value, configurable: true});
var __commonJS = (cb, mod) => () => (mod || cb((mod = {exports: {}}).exports, mod), mod.exports);
var __export = (target, all) => {
  for (var name in all)
    __defProp(target, name, {get: all[name], enumerable: true});
};
var __reExport = (target, module2, desc) => {
  if (module2 && typeof module2 === "object" || typeof module2 === "function") {
    for (let key of __getOwnPropNames(module2))
      if (!__hasOwnProp.call(target, key) && key !== "default")
        __defProp(target, key, {get: () => module2[key], enumerable: !(desc = __getOwnPropDesc(module2, key)) || desc.enumerable});
  }
  return target;
};
var __toModule = (module2) => {
  return __reExport(__markAsModule(__defProp(module2 != null ? __create(__getProtoOf(module2)) : {}, "default", module2 && module2.__esModule && "default" in module2 ? {get: () => module2.default, enumerable: true} : {value: module2, enumerable: true})), module2);
};

// node_modules/isobject/index.js
var require_isobject = __commonJS((exports, module2) => {
  "use strict";
  module2.exports = /* @__PURE__ */ __name(function isObject2(val) {
    return val != null && typeof val === "object" && Array.isArray(val) === false;
  }, "isObject");
});

// node_modules/__fixtures__/bundle-node-basic/src/index.ts
__markAsModule(exports);
__export(exports, {
  isAdmin: () => isAdmin
});
var import_isobject = __toModule(require_isobject());
function isAdmin(user) {
  return (0, import_isobject.default)(user == null ? void 0 : user.role);
}
__name(isAdmin, "isAdmin");
// Annotate the CommonJS export names for ESM import in node:
0 && (module.exports = {
  isAdmin
});
/*!
 * isobject <https://github.com/jonschlinkert/isobject>
 *
 * Copyright (c) 2014-2017, Jon Schlinkert.
 * Released under the MIT License.
 */

`;

exports[`version 1`] = `
Object {
  "main": "Snapshot Diff:
- First value
+ Second value

@@ --- --- @@
  var import_isobject = __toModule(require_isobject());
  function isAdmin(user) {
-   return (0, import_isobject.default)(user == null ? void 0 : user.role);
+   return (0, import_isobject.default)(user?.role);
  }
  __name(isAdmin, \\"isAdmin\\");",
}
`;
