// Vitest Snapshot v1

exports[`invalid-package-bin-type > output 1`] = `
✘ Resolving build manifests [fail]
  ─ ✘ Invalid 'package.json': '.bin': expected "object", received "number"
  ─ ℹ Checking 'action.yml'
  ─ ℹ Checking 'package.json'
------
Exit Code: 1
`;
