// Vitest Snapshot v1

exports[`universal > dist 1`] = `
[
  "index.cjs",
  "index.d.ts",
  "index.js",
]
`;

exports[`universal > dist/index.cjs 1`] = `
var __defProp = Object.defineProperty;
var __getOwnPropDesc = Object.getOwnPropertyDescriptor;
var __getOwnPropNames = Object.getOwnPropertyNames;
var __hasOwnProp = Object.prototype.hasOwnProperty;
var __name = (target, value) => __defProp(target, "name", { value, configurable: true });
var __export = (target, all) => {
  for (var name in all)
    __defProp(target, name, { get: all[name], enumerable: true });
};
var __copyProps = (to, from, except, desc) => {
  if (from && typeof from === "object" || typeof from === "function") {
    for (let key of __getOwnPropNames(from))
      if (!__hasOwnProp.call(to, key) && key !== except)
        __defProp(to, key, { get: () => from[key], enumerable: !(desc = __getOwnPropDesc(from, key)) || desc.enumerable });
  }
  return to;
};
var __toCommonJS = (mod) => __copyProps(__defProp({}, "__esModule", { value: true }), mod);

// src/index.ts
var src_exports = {};
__export(src_exports, {
  hello: () => hello
});
module.exports = __toCommonJS(src_exports);

// src/hello.ts
function hello(name) {
  return \`Hello, \${name}\`;
}
__name(hello, "hello");
// Annotate the CommonJS export names for ESM import in node:
0 && (module.exports = {
  hello
});

`;

exports[`universal > dist/index.d.ts 1`] = `
declare function hello(name: string): string;

export { hello };

`;

exports[`universal > dist/index.js 1`] = `
// src/hello.ts
function hello(name) {
  return \`Hello, \${name}\`;
}
export {
  hello
};

`;

exports[`universal > logs 1`] = `
✔ Resolving build manifests
  ─ ℹ Checking 'action.yml'
  ─ ℹ Checking 'package.json'
  ✔ Run preparations
  ─ ℹ Removing 'dist' directory
  ✔ Making bundle from 'package.json'
  › ✔ Parsing 'package.json'
  › ✔ Making '.main' entry bundle
    ─ ℹ Setting entry point: ./src/index.ts
    ─ ℹ Setting output file: ./dist/index.cjs
  › ✔ Making '.module' entry bundle
    ─ ℹ Setting entry point: ./src/index.ts
    ─ ℹ Setting output file: ./dist/index.js
    ─ ℹ Setting build target: chrome<version>, edge<version>, firefox<version>, ios<version>, safari<version>
  › ✔ Making '.types' entry bundle
    ─ ℹ Generating 'd.ts' files
    ─ ℹ Bundle into single 'd.ts' file
------
Exit Code: 0
`;
