// Jest Snapshot v1, https://goo.gl/fbAQLP

exports[`invalid-package-engines-node 1`] = `
[HH:MM:SS] Resolving build manifests [started]
[HH:MM:SS] → Checking 'package.json'
[HH:MM:SS] Resolving build manifests [failed]
[HH:MM:SS] → Invalid 'package.json':
  .engines.node: Invalid version
`;
