// Vitest Snapshot v1

exports[`invalid-manifest > output 1`] = `
[STARTED] Resolving build manifests
[DATA] Checking 'action.yml'
[DATA] Checking 'package.json'
[FAILED] Manifest file (package.json or action.yml) not found.
`;
