// Vitest Snapshot v1

exports[`invalid-manifest > output 1`] = `
✘ Resolving build manifests [fail]
  ─ ✘ Manifest file (package.json or action.yml) not found.
  ─ ℹ Checking 'action.yml'
  ─ ℹ Checking 'package.json'
------
Exit Code: 1
`;
