// Vitest Snapshot v1

exports[`invalid-package-bin-empty-object > output 1`] = `
[STARTED] Resolving build manifests
[DATA] Checking 'action.yml'
[DATA] Checking 'package.json'
[FAILED] Invalid 'package.json': '.bin': expected to have at least one command, received '{}'
`;
