// Jest Snapshot v1, https://goo.gl/fbAQLP

exports[`invalid-action-yml 1`] = `
[HH:MM:SS] Resolving build manifests [started]
[HH:MM:SS] → Checking 'package.json'
[HH:MM:SS] → Checking 'action.yml'
[HH:MM:SS] Resolving build manifests [failed]
[HH:MM:SS] → Failed to parse action.yml
`;
